{
  "version": "1.5.0",
  "plugins_used": [
    {
      "name": "ArtifactoryDetector"
    },
    {
      "name": "AWSKeyDetector"
    },
    {
      "name": "AzureStorageKeyDetector"
    },
    {
      "name": "Base64HighEntropyString",
      "limit": 4.5
    },
    {
      "name": "BasicAuthDetector"
    },
    {
      "name": "CloudantDetector"
    },
    {
      "name": "DiscordBotTokenDetector"
    },
    {
      "name": "GitHubTokenDetector"
    },
    {
      "name": "GitLabTokenDetector"
    },
    {
      "name": "HexHighEntropyString",
      "limit": 3.0
    },
    {
      "name": "IbmCloudIamDetector"
    },
    {
      "name": "IbmCosHmacDetector"
    },
    {
      "name": "IPPublicDetector"
    },
    {
      "name": "JwtTokenDetector"
    },
    {
      "name": "KeywordDetector",
      "keyword_exclude": ""
    },
    {
      "name": "MailchimpDetector"
    },
    {
      "name": "NpmDetector"
    },
    {
      "name": "OpenAIDetector"
    },
    {
      "name": "PrivateKeyDetector"
    },
    {
      "name": "PypiTokenDetector"
    },
    {
      "name": "SendGridDetector"
    },
    {
      "name": "SlackDetector"
    },
    {
      "name": "SoftlayerDetector"
    },
    {
      "name": "SquareOAuthDetector"
    },
    {
      "name": "StripeDetector"
    },
    {
      "name": "TelegramBotTokenDetector"
    },
    {
      "name": "TwilioKeyDetector"
    }
  ],
  "filters_used": [
    {
      "path": "detect_secrets.filters.allowlist.is_line_allowlisted"
    },
    {
      "path": "detect_secrets.filters.common.is_ignored_due_to_verification_policies",
      "min_level": 2
    },
    {
      "path": "detect_secrets.filters.heuristic.is_indirect_reference"
    },
    {
      "path": "detect_secrets.filters.heuristic.is_likely_id_string"
    },
    {
      "path": "detect_secrets.filters.heuristic.is_lock_file"
    },
    {
      "path": "detect_secrets.filters.heuristic.is_not_alphanumeric_string"
    },
    {
      "path": "detect_secrets.filters.heuristic.is_potential_uuid"
    },
    {
      "path": "detect_secrets.filters.heuristic.is_prefixed_with_dollar_sign"
    },
    {
      "path": "detect_secrets.filters.heuristic.is_sequential_string"
    },
    {
      "path": "detect_secrets.filters.heuristic.is_swagger_file"
    },
    {
      "path": "detect_secrets.filters.heuristic.is_templated_secret"
    }
  ],
  "results": {
    ".env.example": [
      {
        "type": "Basic Auth Credentials",
        "filename": ".env.example",
        "hashed_secret": "e5e9fa1ba31ecd1ae84f75caaa474f3a663f05f4",
        "is_verified": false,
        "line_number": 34
      }
    ],
    ".github/workflows/ci.yml": [
      {
        "type": "Secret Keyword",
        "filename": ".github/workflows/ci.yml",
        "hashed_secret": "5dc3506be858273c745e325e836705e8f3c0e09b",
        "is_verified": false,
        "line_number": 29
      }
    ],
    "README.md": [
      {
        "type": "Basic Auth Credentials",
        "filename": "README.md",
        "hashed_secret": "e5e9fa1ba31ecd1ae84f75caaa474f3a663f05f4",
        "is_verified": false,
        "line_number": 86
      }
    ],
    "alembic.ini": [
      {
        "type": "Basic Auth Credentials",
        "filename": "alembic.ini",
        "hashed_secret": "9d4e1e23bd5b727046a9e3b4b7db57bd8d6ee684",
        "is_verified": false,
        "line_number": 6
      }
    ],
    "config/app.yaml.example": [
      {
        "type": "Secret Keyword",
        "filename": "config/app.yaml.example",
        "hashed_secret": "ea400fd051434266868f2aed27ffa29e2ca99999",
        "is_verified": false,
        "line_number": 82
      }
    ],
    "docker-compose.yml": [
      {
        "type": "Secret Keyword",
        "filename": "docker-compose.yml",
        "hashed_secret": "4bb30b0cfe350a59aa49b614cde6adc379eb0ae9",
        "is_verified": false,
        "line_number": 19
      },
      {
        "type": "Secret Keyword",
        "filename": "docker-compose.yml",
        "hashed_secret": "59abad8aac4980184a33202cc38bab5ac0e6619d",
        "is_verified": false,
        "line_number": 38
      },
      {
        "type": "Basic Auth Credentials",
        "filename": "docker-compose.yml",
        "hashed_secret": "4bb30b0cfe350a59aa49b614cde6adc379eb0ae9",
        "is_verified": false,
        "line_number": 43
      }
    ],
    "docs/CLAUDE_HANDOFF_2026-06-06_TEMPLATE_DEV.md": [
      {
        "type": "Secret Keyword",
        "filename": "docs/CLAUDE_HANDOFF_2026-06-06_TEMPLATE_DEV.md",
        "hashed_secret": "a079c9a6bb9ddb3fc553d422ceb142961211eeb7",
        "is_verified": false,
        "line_number": 436
      }
    ],
    "docs/FIRST_INSTALL_DJANGO.md": [
      {
        "type": "Basic Auth Credentials",
        "filename": "docs/FIRST_INSTALL_DJANGO.md",
        "hashed_secret": "e5e9fa1ba31ecd1ae84f75caaa474f3a663f05f4",
        "is_verified": false,
        "line_number": 70
      },
      {
        "type": "Secret Keyword",
        "filename": "docs/FIRST_INSTALL_DJANGO.md",
        "hashed_secret": "ba4d973f0c0c65de3782148becc897a3c1b0ae33",
        "is_verified": false,
        "line_number": 186
      },
      {
        "type": "Basic Auth Credentials",
        "filename": "docs/FIRST_INSTALL_DJANGO.md",
        "hashed_secret": "ba4d973f0c0c65de3782148becc897a3c1b0ae33",
        "is_verified": false,
        "line_number": 206
      }
    ],
    "src/ameli_app/static/js/app.js": [
      {
        "type": "Base64 High Entropy String",
        "filename": "src/ameli_app/static/js/app.js",
        "hashed_secret": "e38670be8612f3c6214bacd1ae73e9ec294ea40e",
        "is_verified": false,
        "line_number": 63
      },
      {
        "type": "Base64 High Entropy String",
        "filename": "src/ameli_app/static/js/app.js",
        "hashed_secret": "4e18791fb60cef39a70028f2ae47ef19e1eccbfe",
        "is_verified": false,
        "line_number": 64
      }
    ],
    "src/ameli_web/accounts/mfa.py": [
      {
        "type": "Base64 High Entropy String",
        "filename": "src/ameli_web/accounts/mfa.py",
        "hashed_secret": "f8c6f1ff98c5ee78c27d34a3ca68f35ad79847af",
        "is_verified": false,
        "line_number": 21
      }
    ],
    "src/ameli_web/settings.py": [
      {
        "type": "Secret Keyword",
        "filename": "src/ameli_web/settings.py",
        "hashed_secret": "6ea90fee584f784ec8fec8812ac7bd28050c2e97",
        "is_verified": false,
        "line_number": 21
      }
    ],
    "src/ameli_web/templates/admin/panel.html": [
      {
        "type": "Secret Keyword",
        "filename": "src/ameli_web/templates/admin/panel.html",
        "hashed_secret": "db3d405b10675998c030223177d42e71b4e7a312",
        "is_verified": false,
        "line_number": 853
      }
    ],
    "tests/test_account_guards.py": [
      {
        "type": "Secret Keyword",
        "filename": "tests/test_account_guards.py",
        "hashed_secret": "37ddb1b13c9de42c726790c3c44ac2f55412b06b",
        "is_verified": false,
        "line_number": 13
      },
      {
        "type": "Secret Keyword",
        "filename": "tests/test_account_guards.py",
        "hashed_secret": "17db674d8ce3eef71bc23838212099fe0f5f2faf",
        "is_verified": false,
        "line_number": 14
      }
    ],
    "tests/test_admin_audit_export.py": [
      {
        "type": "Secret Keyword",
        "filename": "tests/test_admin_audit_export.py",
        "hashed_secret": "37ddb1b13c9de42c726790c3c44ac2f55412b06b",
        "is_verified": false,
        "line_number": 15
      }
    ],
    "tests/test_admin_audit_pagination.py": [
      {
        "type": "Secret Keyword",
        "filename": "tests/test_admin_audit_pagination.py",
        "hashed_secret": "37ddb1b13c9de42c726790c3c44ac2f55412b06b",
        "is_verified": false,
        "line_number": 19
      }
    ],
    "tests/test_admin_mfa.py": [
      {
        "type": "Secret Keyword",
        "filename": "tests/test_admin_mfa.py",
        "hashed_secret": "37ddb1b13c9de42c726790c3c44ac2f55412b06b",
        "is_verified": false,
        "line_number": 19
      },
      {
        "type": "Secret Keyword",
        "filename": "tests/test_admin_mfa.py",
        "hashed_secret": "17db674d8ce3eef71bc23838212099fe0f5f2faf",
        "is_verified": false,
        "line_number": 20
      }
    ],
    "tests/test_admin_sessions_pagination.py": [
      {
        "type": "Secret Keyword",
        "filename": "tests/test_admin_sessions_pagination.py",
        "hashed_secret": "37ddb1b13c9de42c726790c3c44ac2f55412b06b",
        "is_verified": false,
        "line_number": 16
      },
      {
        "type": "Secret Keyword",
        "filename": "tests/test_admin_sessions_pagination.py",
        "hashed_secret": "409a3918714fe5863a314a703c4e2b1df5e9845e",
        "is_verified": false,
        "line_number": 48
      }
    ],
    "tests/test_admin_users_export.py": [
      {
        "type": "Secret Keyword",
        "filename": "tests/test_admin_users_export.py",
        "hashed_secret": "37ddb1b13c9de42c726790c3c44ac2f55412b06b",
        "is_verified": false,
        "line_number": 14
      },
      {
        "type": "Secret Keyword",
        "filename": "tests/test_admin_users_export.py",
        "hashed_secret": "409a3918714fe5863a314a703c4e2b1df5e9845e",
        "is_verified": false,
        "line_number": 28
      }
    ],
    "tests/test_admin_users_pagination.py": [
      {
        "type": "Secret Keyword",
        "filename": "tests/test_admin_users_pagination.py",
        "hashed_secret": "37ddb1b13c9de42c726790c3c44ac2f55412b06b",
        "is_verified": false,
        "line_number": 15
      },
      {
        "type": "Secret Keyword",
        "filename": "tests/test_admin_users_pagination.py",
        "hashed_secret": "04ae2eb1c434b611060469ac323ce7fa99415390",
        "is_verified": false,
        "line_number": 16
      }
    ],
    "tests/test_audit_date_presets.py": [
      {
        "type": "Secret Keyword",
        "filename": "tests/test_audit_date_presets.py",
        "hashed_secret": "37ddb1b13c9de42c726790c3c44ac2f55412b06b",
        "is_verified": false,
        "line_number": 10
      }
    ],
    "tests/test_audit_payload_search.py": [
      {
        "type": "Secret Keyword",
        "filename": "tests/test_audit_payload_search.py",
        "hashed_secret": "37ddb1b13c9de42c726790c3c44ac2f55412b06b",
        "is_verified": false,
        "line_number": 15
      }
    ],
    "tests/test_auth_failures_alert.py": [
      {
        "type": "Secret Keyword",
        "filename": "tests/test_auth_failures_alert.py",
        "hashed_secret": "409a3918714fe5863a314a703c4e2b1df5e9845e",
        "is_verified": false,
        "line_number": 32
      }
    ],
    "tests/test_avatar_av_scan.py": [
      {
        "type": "Secret Keyword",
        "filename": "tests/test_avatar_av_scan.py",
        "hashed_secret": "409a3918714fe5863a314a703c4e2b1df5e9845e",
        "is_verified": false,
        "line_number": 48
      },
      {
        "type": "Basic Auth Credentials",
        "filename": "tests/test_avatar_av_scan.py",
        "hashed_secret": "9d4e1e23bd5b727046a9e3b4b7db57bd8d6ee684",
        "is_verified": false,
        "line_number": 96
      }
    ],
    "tests/test_backup_sh_pg_url_strip.py": [
      {
        "type": "Basic Auth Credentials",
        "filename": "tests/test_backup_sh_pg_url_strip.py",
        "hashed_secret": "37fa265330ad83eaa879efb1e2db6380896cf639",
        "is_verified": false,
        "line_number": 6
      }
    ],
    "tests/test_clear_filters.py": [
      {
        "type": "Secret Keyword",
        "filename": "tests/test_clear_filters.py",
        "hashed_secret": "37ddb1b13c9de42c726790c3c44ac2f55412b06b",
        "is_verified": false,
        "line_number": 10
      },
      {
        "type": "Secret Keyword",
        "filename": "tests/test_clear_filters.py",
        "hashed_secret": "409a3918714fe5863a314a703c4e2b1df5e9845e",
        "is_verified": false,
        "line_number": 39
      }
    ],
    "tests/test_code_review_fixes_20260615.py": [
      {
        "type": "Secret Keyword",
        "filename": "tests/test_code_review_fixes_20260615.py",
        "hashed_secret": "37ddb1b13c9de42c726790c3c44ac2f55412b06b",
        "is_verified": false,
        "line_number": 41
      },
      {
        "type": "Secret Keyword",
        "filename": "tests/test_code_review_fixes_20260615.py",
        "hashed_secret": "409a3918714fe5863a314a703c4e2b1df5e9845e",
        "is_verified": false,
        "line_number": 42
      },
      {
        "type": "Secret Keyword",
        "filename": "tests/test_code_review_fixes_20260615.py",
        "hashed_secret": "14550e6d21807cb2c8a9ae7ec11d8d7b43508bf2",
        "is_verified": false,
        "line_number": 136
      },
      {
        "type": "Secret Keyword",
        "filename": "tests/test_code_review_fixes_20260615.py",
        "hashed_secret": "b2f280b60ac992282e20beeeccbb1cb586c22679",
        "is_verified": false,
        "line_number": 391
      }
    ],
    "tests/test_config.py": [
      {
        "type": "Basic Auth Credentials",
        "filename": "tests/test_config.py",
        "hashed_secret": "9d4e1e23bd5b727046a9e3b4b7db57bd8d6ee684",
        "is_verified": false,
        "line_number": 34
      },
      {
        "type": "Secret Keyword",
        "filename": "tests/test_config.py",
        "hashed_secret": "9d4e1e23bd5b727046a9e3b4b7db57bd8d6ee684",
        "is_verified": false,
        "line_number": 42
      }
    ],
    "tests/test_dashboard.py": [
      {
        "type": "Secret Keyword",
        "filename": "tests/test_dashboard.py",
        "hashed_secret": "37ddb1b13c9de42c726790c3c44ac2f55412b06b",
        "is_verified": false,
        "line_number": 10
      },
      {
        "type": "Secret Keyword",
        "filename": "tests/test_dashboard.py",
        "hashed_secret": "c5e4a43876d5a273a74f167a70107e1c1d2aa22e",
        "is_verified": false,
        "line_number": 11
      }
    ],
    "tests/test_disabled_user_session.py": [
      {
        "type": "Secret Keyword",
        "filename": "tests/test_disabled_user_session.py",
        "hashed_secret": "37ddb1b13c9de42c726790c3c44ac2f55412b06b",
        "is_verified": false,
        "line_number": 13
      },
      {
        "type": "Secret Keyword",
        "filename": "tests/test_disabled_user_session.py",
        "hashed_secret": "7816c54527e6fa10b7149d7214d9b32751062075",
        "is_verified": false,
        "line_number": 22
      }
    ],
    "tests/test_email_change_double_opt_in.py": [
      {
        "type": "Secret Keyword",
        "filename": "tests/test_email_change_double_opt_in.py",
        "hashed_secret": "c24dfeb1c8c12abb1b7743da8b3c41caffe03377",
        "is_verified": false,
        "line_number": 34
      },
      {
        "type": "Secret Keyword",
        "filename": "tests/test_email_change_double_opt_in.py",
        "hashed_secret": "c994f845dd80d43f82263c5737d0c3d478ee88cb",
        "is_verified": false,
        "line_number": 35
      },
      {
        "type": "Secret Keyword",
        "filename": "tests/test_email_change_double_opt_in.py",
        "hashed_secret": "8c89ea6b5c7318e9a7ad562226bcbdf3e6e364b1",
        "is_verified": false,
        "line_number": 103
      },
      {
        "type": "Secret Keyword",
        "filename": "tests/test_email_change_double_opt_in.py",
        "hashed_secret": "a4b48a81cdab1e1a5dd37907d6c85ca1c61ddc7c",
        "is_verified": false,
        "line_number": 295
      }
    ],
    "tests/test_email_retry.py": [
      {
        "type": "Secret Keyword",
        "filename": "tests/test_email_retry.py",
        "hashed_secret": "37ddb1b13c9de42c726790c3c44ac2f55412b06b",
        "is_verified": false,
        "line_number": 24
      },
      {
        "type": "Secret Keyword",
        "filename": "tests/test_email_retry.py",
        "hashed_secret": "d2736293a9f7a0a8fed7340f93d01ddb90054915",
        "is_verified": false,
        "line_number": 187
      }
    ],
    "tests/test_hardening_20260615.py": [
      {
        "type": "Secret Keyword",
        "filename": "tests/test_hardening_20260615.py",
        "hashed_secret": "37ddb1b13c9de42c726790c3c44ac2f55412b06b",
        "is_verified": false,
        "line_number": 32
      },
      {
        "type": "Secret Keyword",
        "filename": "tests/test_hardening_20260615.py",
        "hashed_secret": "409a3918714fe5863a314a703c4e2b1df5e9845e",
        "is_verified": false,
        "line_number": 33
      },
      {
        "type": "Secret Keyword",
        "filename": "tests/test_hardening_20260615.py",
        "hashed_secret": "6809ffccad03b80fa1fbc32c17e7e054805ec30b",
        "is_verified": false,
        "line_number": 190
      }
    ],
    "tests/test_host_cookie_prefix.py": [
      {
        "type": "Base64 High Entropy String",
        "filename": "tests/test_host_cookie_prefix.py",
        "hashed_secret": "1b52fe4ca26a7dbabc9011f18b405cec56c3f8fe",
        "is_verified": false,
        "line_number": 44
      },
      {
        "type": "Secret Keyword",
        "filename": "tests/test_host_cookie_prefix.py",
        "hashed_secret": "c716f615a04dc479e28e19ebe1dc2b598f93e5b3",
        "is_verified": false,
        "line_number": 90
      }
    ],
    "tests/test_i18n.py": [
      {
        "type": "Secret Keyword",
        "filename": "tests/test_i18n.py",
        "hashed_secret": "37ddb1b13c9de42c726790c3c44ac2f55412b06b",
        "is_verified": false,
        "line_number": 14
      }
    ],
    "tests/test_login_mfa.py": [
      {
        "type": "Secret Keyword",
        "filename": "tests/test_login_mfa.py",
        "hashed_secret": "37ddb1b13c9de42c726790c3c44ac2f55412b06b",
        "is_verified": false,
        "line_number": 16
      }
    ],
    "tests/test_login_throttle.py": [
      {
        "type": "Secret Keyword",
        "filename": "tests/test_login_throttle.py",
        "hashed_secret": "37ddb1b13c9de42c726790c3c44ac2f55412b06b",
        "is_verified": false,
        "line_number": 21
      },
      {
        "type": "Secret Keyword",
        "filename": "tests/test_login_throttle.py",
        "hashed_secret": "6809ffccad03b80fa1fbc32c17e7e054805ec30b",
        "is_verified": false,
        "line_number": 104
      },
      {
        "type": "Secret Keyword",
        "filename": "tests/test_login_throttle.py",
        "hashed_secret": "a4b48a81cdab1e1a5dd37907d6c85ca1c61ddc7c",
        "is_verified": false,
        "line_number": 115
      }
    ],
    "tests/test_maintenance_mode.py": [
      {
        "type": "Secret Keyword",
        "filename": "tests/test_maintenance_mode.py",
        "hashed_secret": "37ddb1b13c9de42c726790c3c44ac2f55412b06b",
        "is_verified": false,
        "line_number": 19
      },
      {
        "type": "Secret Keyword",
        "filename": "tests/test_maintenance_mode.py",
        "hashed_secret": "409a3918714fe5863a314a703c4e2b1df5e9845e",
        "is_verified": false,
        "line_number": 20
      }
    ],
    "tests/test_manage_py_autoload.py": [
      {
        "type": "Base64 High Entropy String",
        "filename": "tests/test_manage_py_autoload.py",
        "hashed_secret": "30daa548f830c3611a55bf6bd3491be031b423eb",
        "is_verified": false,
        "line_number": 85
      },
      {
        "type": "Base64 High Entropy String",
        "filename": "tests/test_manage_py_autoload.py",
        "hashed_secret": "c77a6260687c67faa51c94d306d98f3413b884e4",
        "is_verified": false,
        "line_number": 88
      },
      {
        "type": "Secret Keyword",
        "filename": "tests/test_manage_py_autoload.py",
        "hashed_secret": "03f0dfe72ee62f097827567c3f813fba97708fb7",
        "is_verified": false,
        "line_number": 100
      }
    ],
    "tests/test_media_auth_gate.py": [
      {
        "type": "Secret Keyword",
        "filename": "tests/test_media_auth_gate.py",
        "hashed_secret": "37ddb1b13c9de42c726790c3c44ac2f55412b06b",
        "is_verified": false,
        "line_number": 24
      },
      {
        "type": "Hex High Entropy String",
        "filename": "tests/test_media_auth_gate.py",
        "hashed_secret": "63b642923568a42f9247afc1768ea95c72a4d588",
        "is_verified": false,
        "line_number": 68
      },
      {
        "type": "Secret Keyword",
        "filename": "tests/test_media_auth_gate.py",
        "hashed_secret": "409a3918714fe5863a314a703c4e2b1df5e9845e",
        "is_verified": false,
        "line_number": 87
      }
    ],
    "tests/test_message_storage_guard.py": [
      {
        "type": "Base64 High Entropy String",
        "filename": "tests/test_message_storage_guard.py",
        "hashed_secret": "1b52fe4ca26a7dbabc9011f18b405cec56c3f8fe",
        "is_verified": false,
        "line_number": 33
      }
    ],
    "tests/test_metrics_endpoint.py": [
      {
        "type": "Secret Keyword",
        "filename": "tests/test_metrics_endpoint.py",
        "hashed_secret": "37ddb1b13c9de42c726790c3c44ac2f55412b06b",
        "is_verified": false,
        "line_number": 18
      },
      {
        "type": "Secret Keyword",
        "filename": "tests/test_metrics_endpoint.py",
        "hashed_secret": "409a3918714fe5863a314a703c4e2b1df5e9845e",
        "is_verified": false,
        "line_number": 68
      }
    ],
    "tests/test_mfa_email_service.py": [
      {
        "type": "Secret Keyword",
        "filename": "tests/test_mfa_email_service.py",
        "hashed_secret": "37ddb1b13c9de42c726790c3c44ac2f55412b06b",
        "is_verified": false,
        "line_number": 26
      },
      {
        "type": "Secret Keyword",
        "filename": "tests/test_mfa_email_service.py",
        "hashed_secret": "409a3918714fe5863a314a703c4e2b1df5e9845e",
        "is_verified": false,
        "line_number": 27
      },
      {
        "type": "Secret Keyword",
        "filename": "tests/test_mfa_email_service.py",
        "hashed_secret": "6abb35dcf78e3bf884a4fcfe8217c7b60e4db9f4",
        "is_verified": false,
        "line_number": 148
      }
    ],
    "tests/test_mfa_email_views.py": [
      {
        "type": "Secret Keyword",
        "filename": "tests/test_mfa_email_views.py",
        "hashed_secret": "37ddb1b13c9de42c726790c3c44ac2f55412b06b",
        "is_verified": false,
        "line_number": 24
      },
      {
        "type": "Secret Keyword",
        "filename": "tests/test_mfa_email_views.py",
        "hashed_secret": "409a3918714fe5863a314a703c4e2b1df5e9845e",
        "is_verified": false,
        "line_number": 25
      }
    ],
    "tests/test_mfa_recovery_ux.py": [
      {
        "type": "Secret Keyword",
        "filename": "tests/test_mfa_recovery_ux.py",
        "hashed_secret": "37ddb1b13c9de42c726790c3c44ac2f55412b06b",
        "is_verified": false,
        "line_number": 10
      }
    ],
    "tests/test_mfa_secret_encryption.py": [
      {
        "type": "Secret Keyword",
        "filename": "tests/test_mfa_secret_encryption.py",
        "hashed_secret": "409a3918714fe5863a314a703c4e2b1df5e9845e",
        "is_verified": false,
        "line_number": 158
      }
    ],
    "tests/test_mfa_service.py": [
      {
        "type": "Secret Keyword",
        "filename": "tests/test_mfa_service.py",
        "hashed_secret": "37ddb1b13c9de42c726790c3c44ac2f55412b06b",
        "is_verified": false,
        "line_number": 20
      },
      {
        "type": "Secret Keyword",
        "filename": "tests/test_mfa_service.py",
        "hashed_secret": "a4b48a81cdab1e1a5dd37907d6c85ca1c61ddc7c",
        "is_verified": false,
        "line_number": 162
      }
    ],
    "tests/test_mfa_stacked.py": [
      {
        "type": "Secret Keyword",
        "filename": "tests/test_mfa_stacked.py",
        "hashed_secret": "37ddb1b13c9de42c726790c3c44ac2f55412b06b",
        "is_verified": false,
        "line_number": 35
      },
      {
        "type": "Secret Keyword",
        "filename": "tests/test_mfa_stacked.py",
        "hashed_secret": "409a3918714fe5863a314a703c4e2b1df5e9845e",
        "is_verified": false,
        "line_number": 36
      },
      {
        "type": "Secret Keyword",
        "filename": "tests/test_mfa_stacked.py",
        "hashed_secret": "40ce4379f5763c05b71c88f9a371809fdbce6a21",
        "is_verified": false,
        "line_number": 217
      }
    ],
    "tests/test_mfa_stacked_views.py": [
      {
        "type": "Secret Keyword",
        "filename": "tests/test_mfa_stacked_views.py",
        "hashed_secret": "37ddb1b13c9de42c726790c3c44ac2f55412b06b",
        "is_verified": false,
        "line_number": 25
      },
      {
        "type": "Secret Keyword",
        "filename": "tests/test_mfa_stacked_views.py",
        "hashed_secret": "409a3918714fe5863a314a703c4e2b1df5e9845e",
        "is_verified": false,
        "line_number": 26
      }
    ],
    "tests/test_page_size_persistence.py": [
      {
        "type": "Secret Keyword",
        "filename": "tests/test_page_size_persistence.py",
        "hashed_secret": "37ddb1b13c9de42c726790c3c44ac2f55412b06b",
        "is_verified": false,
        "line_number": 16
      },
      {
        "type": "Secret Keyword",
        "filename": "tests/test_page_size_persistence.py",
        "hashed_secret": "409a3918714fe5863a314a703c4e2b1df5e9845e",
        "is_verified": false,
        "line_number": 110
      }
    ],
    "tests/test_pagination.py": [
      {
        "type": "Secret Keyword",
        "filename": "tests/test_pagination.py",
        "hashed_secret": "96794468d80981c71fe033f8255d93ef7b06b2d6",
        "is_verified": false,
        "line_number": 125
      }
    ],
    "tests/test_partial_guards.py": [
      {
        "type": "Secret Keyword",
        "filename": "tests/test_partial_guards.py",
        "hashed_secret": "37ddb1b13c9de42c726790c3c44ac2f55412b06b",
        "is_verified": false,
        "line_number": 10
      }
    ],
    "tests/test_password_reset_service.py": [
      {
        "type": "Secret Keyword",
        "filename": "tests/test_password_reset_service.py",
        "hashed_secret": "37ddb1b13c9de42c726790c3c44ac2f55412b06b",
        "is_verified": false,
        "line_number": 21
      },
      {
        "type": "Secret Keyword",
        "filename": "tests/test_password_reset_service.py",
        "hashed_secret": "409a3918714fe5863a314a703c4e2b1df5e9845e",
        "is_verified": false,
        "line_number": 22
      },
      {
        "type": "Secret Keyword",
        "filename": "tests/test_password_reset_service.py",
        "hashed_secret": "14550e6d21807cb2c8a9ae7ec11d8d7b43508bf2",
        "is_verified": false,
        "line_number": 23
      }
    ],
    "tests/test_password_reset_views.py": [
      {
        "type": "Secret Keyword",
        "filename": "tests/test_password_reset_views.py",
        "hashed_secret": "37ddb1b13c9de42c726790c3c44ac2f55412b06b",
        "is_verified": false,
        "line_number": 14
      },
      {
        "type": "Secret Keyword",
        "filename": "tests/test_password_reset_views.py",
        "hashed_secret": "409a3918714fe5863a314a703c4e2b1df5e9845e",
        "is_verified": false,
        "line_number": 15
      },
      {
        "type": "Secret Keyword",
        "filename": "tests/test_password_reset_views.py",
        "hashed_secret": "14550e6d21807cb2c8a9ae7ec11d8d7b43508bf2",
        "is_verified": false,
        "line_number": 16
      },
      {
        "type": "Secret Keyword",
        "filename": "tests/test_password_reset_views.py",
        "hashed_secret": "1079a0af84a903b7c6e8b3afdfa2e37a13632f72",
        "is_verified": false,
        "line_number": 170
      },
      {
        "type": "Secret Keyword",
        "filename": "tests/test_password_reset_views.py",
        "hashed_secret": "a0f4ea7d91495df92bbac2e2149dfb850fe81396",
        "is_verified": false,
        "line_number": 184
      }
    ],
    "tests/test_profile_email.py": [
      {
        "type": "Secret Keyword",
        "filename": "tests/test_profile_email.py",
        "hashed_secret": "37ddb1b13c9de42c726790c3c44ac2f55412b06b",
        "is_verified": false,
        "line_number": 22
      },
      {
        "type": "Secret Keyword",
        "filename": "tests/test_profile_email.py",
        "hashed_secret": "409a3918714fe5863a314a703c4e2b1df5e9845e",
        "is_verified": false,
        "line_number": 23
      }
    ],
    "tests/test_profile_sessions_pagination.py": [
      {
        "type": "Secret Keyword",
        "filename": "tests/test_profile_sessions_pagination.py",
        "hashed_secret": "37ddb1b13c9de42c726790c3c44ac2f55412b06b",
        "is_verified": false,
        "line_number": 18
      },
      {
        "type": "Secret Keyword",
        "filename": "tests/test_profile_sessions_pagination.py",
        "hashed_secret": "409a3918714fe5863a314a703c4e2b1df5e9845e",
        "is_verified": false,
        "line_number": 19
      }
    ],
    "tests/test_redacting_log_filter.py": [
      {
        "type": "Secret Keyword",
        "filename": "tests/test_redacting_log_filter.py",
        "hashed_secret": "4ea8d2335b430796cf3f500368c5b0f5b1dc90f5",
        "is_verified": false,
        "line_number": 180
      }
    ],
    "tests/test_retention_sweep.py": [
      {
        "type": "Secret Keyword",
        "filename": "tests/test_retention_sweep.py",
        "hashed_secret": "28cd0c8ac6ff6c891f98fb036443d8031930665e",
        "is_verified": false,
        "line_number": 25
      }
    ],
    "tests/test_security_e2e.py": [
      {
        "type": "Secret Keyword",
        "filename": "tests/test_security_e2e.py",
        "hashed_secret": "c24dfeb1c8c12abb1b7743da8b3c41caffe03377",
        "is_verified": false,
        "line_number": 24
      },
      {
        "type": "Secret Keyword",
        "filename": "tests/test_security_e2e.py",
        "hashed_secret": "c994f845dd80d43f82263c5737d0c3d478ee88cb",
        "is_verified": false,
        "line_number": 25
      },
      {
        "type": "Secret Keyword",
        "filename": "tests/test_security_e2e.py",
        "hashed_secret": "b65e5f41134485f1150b5d1ef1fecf5c4e029918",
        "is_verified": false,
        "line_number": 221
      }
    ],
    "tests/test_security_hardening_block1.py": [
      {
        "type": "Secret Keyword",
        "filename": "tests/test_security_hardening_block1.py",
        "hashed_secret": "c24dfeb1c8c12abb1b7743da8b3c41caffe03377",
        "is_verified": false,
        "line_number": 21
      },
      {
        "type": "Secret Keyword",
        "filename": "tests/test_security_hardening_block1.py",
        "hashed_secret": "c994f845dd80d43f82263c5737d0c3d478ee88cb",
        "is_verified": false,
        "line_number": 22
      },
      {
        "type": "Secret Keyword",
        "filename": "tests/test_security_hardening_block1.py",
        "hashed_secret": "b57fa0798cf182195d00866158f0f022ad324741",
        "is_verified": false,
        "line_number": 218
      }
    ],
    "tests/test_security_hardening_block2.py": [
      {
        "type": "Secret Keyword",
        "filename": "tests/test_security_hardening_block2.py",
        "hashed_secret": "c24dfeb1c8c12abb1b7743da8b3c41caffe03377",
        "is_verified": false,
        "line_number": 18
      },
      {
        "type": "Secret Keyword",
        "filename": "tests/test_security_hardening_block2.py",
        "hashed_secret": "c994f845dd80d43f82263c5737d0c3d478ee88cb",
        "is_verified": false,
        "line_number": 19
      },
      {
        "type": "Secret Keyword",
        "filename": "tests/test_security_hardening_block2.py",
        "hashed_secret": "b57fa0798cf182195d00866158f0f022ad324741",
        "is_verified": false,
        "line_number": 176
      },
      {
        "type": "Secret Keyword",
        "filename": "tests/test_security_hardening_block2.py",
        "hashed_secret": "54c9ce531b66829151f5a3e16025283a6bc16109",
        "is_verified": false,
        "line_number": 283
      },
      {
        "type": "Secret Keyword",
        "filename": "tests/test_security_hardening_block2.py",
        "hashed_secret": "1da4893a3557df829fffe5516b006ab10ff803df",
        "is_verified": false,
        "line_number": 320
      }
    ],
    "tests/test_security_hardening_block3.py": [
      {
        "type": "Base64 High Entropy String",
        "filename": "tests/test_security_hardening_block3.py",
        "hashed_secret": "8a51bfac5f6407b50323eb0496087c7a322dd954",
        "is_verified": false,
        "line_number": 136
      },
      {
        "type": "Base64 High Entropy String",
        "filename": "tests/test_security_hardening_block3.py",
        "hashed_secret": "3a15274ed01b0b4815aa3744c51078ebd1458dde",
        "is_verified": false,
        "line_number": 142
      },
      {
        "type": "Secret Keyword",
        "filename": "tests/test_security_hardening_block3.py",
        "hashed_secret": "c24dfeb1c8c12abb1b7743da8b3c41caffe03377",
        "is_verified": false,
        "line_number": 401
      }
    ],
    "tests/test_security_hardening_block4.py": [
      {
        "type": "Secret Keyword",
        "filename": "tests/test_security_hardening_block4.py",
        "hashed_secret": "c24dfeb1c8c12abb1b7743da8b3c41caffe03377",
        "is_verified": false,
        "line_number": 20
      },
      {
        "type": "Secret Keyword",
        "filename": "tests/test_security_hardening_block4.py",
        "hashed_secret": "b57fa0798cf182195d00866158f0f022ad324741",
        "is_verified": false,
        "line_number": 218
      },
      {
        "type": "Secret Keyword",
        "filename": "tests/test_security_hardening_block4.py",
        "hashed_secret": "c994f845dd80d43f82263c5737d0c3d478ee88cb",
        "is_verified": false,
        "line_number": 357
      },
      {
        "type": "Secret Keyword",
        "filename": "tests/test_security_hardening_block4.py",
        "hashed_secret": "002bcc79aa5157dd659e8fa6d5ca7e2ed6645cb3",
        "is_verified": false,
        "line_number": 384
      }
    ],
    "tests/test_session_absolute_ceiling.py": [
      {
        "type": "Secret Keyword",
        "filename": "tests/test_session_absolute_ceiling.py",
        "hashed_secret": "409a3918714fe5863a314a703c4e2b1df5e9845e",
        "is_verified": false,
        "line_number": 32
      }
    ],
    "tests/test_settings_boot_guards.py": [
      {
        "type": "Base64 High Entropy String",
        "filename": "tests/test_settings_boot_guards.py",
        "hashed_secret": "1b52fe4ca26a7dbabc9011f18b405cec56c3f8fe",
        "is_verified": false,
        "line_number": 35
      },
      {
        "type": "Secret Keyword",
        "filename": "tests/test_settings_boot_guards.py",
        "hashed_secret": "e00f558aee005921b61a77ee49d9fec83dbe45e4",
        "is_verified": false,
        "line_number": 73
      },
      {
        "type": "Secret Keyword",
        "filename": "tests/test_settings_boot_guards.py",
        "hashed_secret": "c716f615a04dc479e28e19ebe1dc2b598f93e5b3",
        "is_verified": false,
        "line_number": 96
      },
      {
        "type": "Secret Keyword",
        "filename": "tests/test_settings_boot_guards.py",
        "hashed_secret": "6ea90fee584f784ec8fec8812ac7bd28050c2e97",
        "is_verified": false,
        "line_number": 133
      }
    ]
  },
  "generated_at": "2026-06-20T13:45:59Z"
}
